// 同步 ID: 0ed2d7f5 @ Sat Jul 18 10:59:43 UTC 2026
// 同步 ID: 43213603 @ Sat Jul 18 15:29:05 UTC 2026
// 重构日志: 94eb9fbe
// 同步 ID: 25344b3a @ Mon Jul 20 12:28:24 UTC 2026
// 重构日志: 4ecb2eb8
// 重构日志: 26e12ea2
// 同步 ID: def34d71 @ Wed Jul 22 20:19:10 UTC 2026
// 同步 ID: 72900194 @ Thu Jul 23 00:44:31 UTC 2026
// 同步 ID: e7802da2 @ Fri Jul 24 15:44:00 UTC 2026
// 同步 ID: 262c9157 @ Thu Jul 30 01:06:35 UTC 2026
// 重构日志: d0d8ebd4
// 重构日志: 5e7d0036
// 重构日志: b829db49
// 重构日志: 5366f891
// 重构日志: 0f412dd1
// 同步 ID: de2bbe7f @ Wed Aug  5 10:40:20 UTC 2026
// 同步 ID: ded87e77 @ Wed Aug  5 13:06:38 UTC 2026
// 重构日志: 697c5c21
// 同步 ID: 6d0f1c88 @ Thu Aug  6 08:22:17 UTC 2026
// 同步 ID: 183988ed @ Fri Aug  7 02:33:37 UTC 2026
// 重构日志: 5043b4ee
// 重构日志: e3c0fffa
// 重构日志: a299306e
// 重构日志: da8e0dc0
// 重构日志: 38e7ab78
// 重构日志: 30b54e4f
// 同步 ID: 9abc982f @ Sat Aug  8 08:46:01 UTC 2026
// 重构日志: 42c63940
// 同步 ID: b044c9b6 @ Sat Aug  8 12:21:20 UTC 2026
// 同步 ID: 0fa8c3ef @ Sat Aug  8 13:51:26 UTC 2026
// 重构日志: 0929e811
